
/home/runner/work/exp-arrays-iiith/exp-arrays-iiith/experiment/simulation/simulation/1-D/js/array.js
   52:7   warning  'view' is not defined                      no-undef
   55:7   warning  'view' is not defined                      no-undef
   58:7   warning  'view' is not defined                      no-undef
   76:10  warning  'i' is not defined                         no-undef
   76:17  warning  'i' is not defined                         no-undef
   76:33  warning  'i' is not defined                         no-undef
   94:10  warning  'i' is not defined                         no-undef
   94:17  warning  'i' is not defined                         no-undef
   94:42  warning  'i' is not defined                         no-undef
   98:40  warning  'i' is not defined                         no-undef
   99:11  warning  'i' is not defined                         no-undef
  100:16  warning  'i' is not defined                         no-undef
  124:9   warning  'result' is defined but never used         no-unused-vars
  125:10  warning  'i' is not defined                         no-undef
  125:17  warning  'i' is not defined                         no-undef
  125:42  warning  'i' is not defined                         no-undef
  126:37  warning  'i' is not defined                         no-undef
  146:10  warning  'i' is not defined                         no-undef
  146:17  warning  'i' is not defined                         no-undef
  146:42  warning  'i' is not defined                         no-undef
  147:20  warning  'i' is not defined                         no-undef
  147:45  warning  'i' is not defined                         no-undef
  182:9   warning  'temp' is assigned a value but never used  no-unused-vars
  195:10  warning  'i' is not defined                         no-undef
  195:17  warning  'i' is not defined                         no-undef
  195:42  warning  'i' is not defined                         no-undef
  196:20  warning  'i' is not defined                         no-undef
  196:41  warning  'i' is not defined                         no-undef
  266:3   warning  'view' is not defined                      no-undef

/home/runner/work/exp-arrays-iiith/exp-arrays-iiith/experiment/simulation/simulation/1-D/js/mobile-detection.js
  293:7   warning  'mobileDetection' is assigned a value but never used  no-unused-vars
  296:38  warning  'module' is not defined                               no-undef
  297:3   warning  'module' is not defined                               no-undef

/home/runner/work/exp-arrays-iiith/exp-arrays-iiith/experiment/simulation/simulation/2-D/js/array.js
   31:5   warning  'model' is not defined                      no-undef
   32:5   warning  'model' is not defined                      no-undef
   33:5   warning  'model' is not defined                      no-undef
   34:5   warning  'model' is not defined                      no-undef
   35:5   warning  'model' is not defined                      no-undef
   36:5   warning  'model' is not defined                      no-undef
   37:5   warning  'model' is not defined                      no-undef
   38:5   warning  'model' is not defined                      no-undef
   39:5   warning  'model' is not defined                      no-undef
   40:5   warning  'model' is not defined                      no-undef
   81:13  warning  'style' is assigned a value but never used  no-unused-vars
   82:13  warning  'rect' is assigned a value but never used   no-unused-vars
   93:13  warning  'style' is assigned a value but never used  no-unused-vars
   94:13  warning  'rect' is assigned a value but never used   no-unused-vars
  118:7   warning  'view' is not defined                       no-undef
  122:7   warning  'view' is not defined                       no-undef
  126:7   warning  'view' is not defined                       no-undef
  130:7   warning  'view' is not defined                       no-undef
  134:7   warning  'view' is not defined                       no-undef
  198:10  warning  'i' is not defined                          no-undef
  198:17  warning  'i' is not defined                          no-undef
  198:27  warning  'i' is not defined                          no-undef
  224:10  warning  'i' is not defined                          no-undef
  224:17  warning  'i' is not defined                          no-undef
  224:27  warning  'i' is not defined                          no-undef
  249:10  warning  'i' is not defined                          no-undef
  249:17  warning  'i' is not defined                          no-undef
  249:33  warning  'i' is not defined                          no-undef
  251:12  warning  'j' is not defined                          no-undef
  251:19  warning  'j' is not defined                          no-undef
  251:35  warning  'j' is not defined                          no-undef
  262:10  warning  'i' is not defined                          no-undef
  262:17  warning  'i' is not defined                          no-undef
  262:38  warning  'i' is not defined                          no-undef
  263:16  warning  'i' is not defined                          no-undef
  263:44  warning  'i' is not defined                          no-undef
  271:10  warning  'i' is not defined                          no-undef
  271:17  warning  'i' is not defined                          no-undef
  271:33  warning  'i' is not defined                          no-undef
  273:12  warning  'j' is not defined                          no-undef
  273:19  warning  'j' is not defined                          no-undef
  273:35  warning  'j' is not defined                          no-undef
  284:10  warning  'i' is not defined                          no-undef
  284:17  warning  'i' is not defined                          no-undef
  284:38  warning  'i' is not defined                          no-undef
  285:16  warning  'i' is not defined                          no-undef
  285:44  warning  'i' is not defined                          no-undef
  293:10  warning  'i' is not defined                          no-undef
  293:17  warning  'i' is not defined                          no-undef
  293:33  warning  'i' is not defined                          no-undef
  295:12  warning  'j' is not defined                          no-undef
  295:19  warning  'j' is not defined                          no-undef
  295:35  warning  'j' is not defined                          no-undef
  306:10  warning  'i' is not defined                          no-undef
  306:17  warning  'i' is not defined                          no-undef
  306:38  warning  'i' is not defined                          no-undef
  307:16  warning  'i' is not defined                          no-undef
  326:10  warning  'model' is not defined                      no-undef
  326:19  warning  'model' is not defined                      no-undef
  326:28  warning  'model' is not defined                      no-undef
  326:50  warning  'model' is not defined                      no-undef
  327:19  warning  'model' is not defined                      no-undef
  327:34  warning  'model' is not defined                      no-undef
  328:5   warning  'model' is not defined                      no-undef
  332:10  warning  'model' is not defined                      no-undef
  332:19  warning  'model' is not defined                      no-undef
  332:28  warning  'model' is not defined                      no-undef
  332:50  warning  'model' is not defined                      no-undef
  333:19  warning  'model' is not defined                      no-undef
  333:34  warning  'model' is not defined                      no-undef
  336:9   warning  'model' is not defined                      no-undef
  338:12  warning  'model' is not defined                      no-undef
  338:21  warning  'model' is not defined                      no-undef
  338:30  warning  'model' is not defined                      no-undef
  338:52  warning  'model' is not defined                      no-undef
  339:21  warning  'model' is not defined                      no-undef
  339:36  warning  'model' is not defined                      no-undef
  341:12  warning  'model' is not defined                      no-undef
  341:21  warning  'model' is not defined                      no-undef
  341:30  warning  'model' is not defined                      no-undef
  341:52  warning  'model' is not defined                      no-undef
  342:21  warning  'model' is not defined                      no-undef
  342:36  warning  'model' is not defined                      no-undef
  343:7   warning  'model' is not defined                      no-undef
  344:7   warning  'model' is not defined                      no-undef
  349:36  warning  'model' is not defined                      no-undef
  349:51  warning  'model' is not defined                      no-undef
  351:5   warning  'model' is not defined                      no-undef
  353:37  warning  'model' is not defined                      no-undef
  353:52  warning  'model' is not defined                      no-undef
  355:5   warning  'model' is not defined                      no-undef
  357:42  warning  'model' is not defined                      no-undef
  357:57  warning  'model' is not defined                      no-undef
  359:5   warning  'model' is not defined                      no-undef
  360:5   warning  'model' is not defined                      no-undef
  364:66  warning  'model' is not defined                      no-undef
  365:9   warning  'model' is not defined                      no-undef
  370:64  warning  'model' is not defined                      no-undef
  371:7   warning  'model' is not defined                      no-undef
  375:9   warning  'model' is not defined                      no-undef
  377:38  warning  'model' is not defined                      no-undef
  377:53  warning  'model' is not defined                      no-undef
  380:39  warning  'model' is not defined                      no-undef
  380:58  warning  'model' is not defined                      no-undef
  385:9   warning  'model' is not defined                      no-undef
  387:12  warning  'model' is not defined                      no-undef
  387:21  warning  'model' is not defined                      no-undef
  387:30  warning  'model' is not defined                      no-undef
  387:52  warning  'model' is not defined                      no-undef
  388:21  warning  'model' is not defined                      no-undef
  388:40  warning  'model' is not defined                      no-undef
  389:7   warning  'model' is not defined                      no-undef
  394:10  warning  'model' is not defined                      no-undef
  394:19  warning  'model' is not defined                      no-undef
  394:28  warning  'model' is not defined                      no-undef
  394:50  warning  'model' is not defined                      no-undef
  395:19  warning  'model' is not defined                      no-undef
  395:34  warning  'model' is not defined                      no-undef
  397:10  warning  'model' is not defined                      no-undef
  397:19  warning  'model' is not defined                      no-undef
  397:28  warning  'model' is not defined                      no-undef
  397:50  warning  'model' is not defined                      no-undef
  398:19  warning  'model' is not defined                      no-undef
  398:34  warning  'model' is not defined                      no-undef
  399:5   warning  'model' is not defined                      no-undef
  400:5   warning  'model' is not defined                      no-undef
  403:5   warning  'model' is not defined                      no-undef
  404:5   warning  'model' is not defined                      no-undef
  405:5   warning  'model' is not defined                      no-undef
  406:5   warning  'model' is not defined                      no-undef
  407:5   warning  'model' is not defined                      no-undef
  408:5   warning  'model' is not defined                      no-undef
  411:5   warning  'model' is not defined                      no-undef
  412:5   warning  'model' is not defined                      no-undef
  413:5   warning  'model' is not defined                      no-undef
  414:5   warning  'model' is not defined                      no-undef
  417:9   warning  'model' is not defined                      no-undef
  419:12  warning  'model' is not defined                      no-undef
  419:21  warning  'model' is not defined                      no-undef
  419:30  warning  'model' is not defined                      no-undef
  419:52  warning  'model' is not defined                      no-undef
  420:21  warning  'model' is not defined                      no-undef
  421:7   warning  'model' is not defined                      no-undef
  436:11  warning  'model' is not defined                      no-undef
  459:11  warning  'model' is not defined                      no-undef
  471:51  warning  'model' is not defined                      no-undef
  478:20  warning  'model' is not defined                      no-undef
  498:3   warning  'view' is not defined                       no-undef
  502:11  warning  'style' is assigned a value but never used  no-unused-vars
  503:11  warning  'rect' is assigned a value but never used   no-unused-vars

/home/runner/work/exp-arrays-iiith/exp-arrays-iiith/experiment/simulation/simulation/2-D/js/mobile-detection.js
  293:7   warning  'mobileDetection' is assigned a value but never used  no-unused-vars
  296:38  warning  'module' is not defined                               no-undef
  297:3   warning  'module' is not defined                               no-undef

✖ 185 problems (0 errors, 185 warnings)

